This is XeTeX, Version 3.141592653-2.6-0.999998 (TeX Live 2026) (preloaded format=xelatex 2026.7.21)  16 SEP 2026 10:49
entering extended mode
 restricted \write18 enabled.
 %&-line parsing enabled.
**errata.tex
(./errata.tex
LaTeX2e <2025-11-01>
L3 programming layer <2026-01-19>
(/usr/local/texlive/2026/texmf-dist/tex/latex/ctex/ctexart.cls
(/usr/local/texlive/2026/texmf-dist/tex/latex/ctex/config/ctexbackend.cfg
File: ctexbackend.cfg 2022/07/14 v2.5.10 Backend configuration file (CTEX)
)
(/usr/local/texlive/2026/texmf-dist/tex/latex/l3kernel/expl3.sty
Package: expl3 2026-01-19 L3 programming layer (loader) 

(/usr/local/texlive/2026/texmf-dist/tex/latex/l3backend/l3backend-xetex.def
File: l3backend-xetex.def 2025-10-09 L3 backend support: XeTeX
\g__graphics_track_int=\count271
\g__pdfannot_backend_int=\count272
\g__pdfannot_backend_link_int=\count273
))
Document Class: ctexart 2022/07/14 v2.5.10 Chinese adapter for class article (C
TEX)
(/usr/local/texlive/2026/texmf-dist/tex/latex/ctex/ctexhook.sty
Package: ctexhook 2022/07/14 v2.5.10 Document and package hooks (CTEX)
)
(/usr/local/texlive/2026/texmf-dist/tex/latex/ctex/ctexpatch.sty
Package: ctexpatch 2022/07/14 v2.5.10 Patching commands (CTEX)
)
(/usr/local/texlive/2026/texmf-dist/tex/latex/base/fix-cm.sty
Package: fix-cm 2020/11/24 v1.1t fixes to LaTeX

(/usr/local/texlive/2026/texmf-dist/tex/latex/base/ts1enc.def
File: ts1enc.def 2001/06/05 v3.0e (jk/car/fm) Standard LaTeX file
LaTeX Font Info:    Redeclaring font encoding TS1 on input line 47.
LaTeX Encoding Info:    Redeclaring text command \capitalcedilla (encoding TS1)
 on input line 49.
LaTeX Encoding Info:    Redeclaring text command \capitalogonek (encoding TS1) 
on input line 52.
LaTeX Encoding Info:    Redeclaring text command \capitalgrave (encoding TS1) o
n input line 55.
LaTeX Encoding Info:    Redeclaring text command \capitalacute (encoding TS1) o
n input line 56.
LaTeX Encoding Info:    Redeclaring text command \capitalcircumflex (encoding T
S1) on input line 57.
LaTeX Encoding Info:    Redeclaring text command \capitaltilde (encoding TS1) o
n input line 58.
LaTeX Encoding Info:    Redeclaring text command \capitaldieresis (encoding TS1
) on input line 59.
LaTeX Encoding Info:    Redeclaring text command \capitalhungarumlaut (encoding
 TS1) on input line 60.
LaTeX Encoding Info:    Redeclaring text command \capitalring (encoding TS1) on
 input line 61.
LaTeX Encoding Info:    Redeclaring text command \capitalcaron (encoding TS1) o
n input line 62.
LaTeX Encoding Info:    Redeclaring text command \capitalbreve (encoding TS1) o
n input line 63.
LaTeX Encoding Info:    Redeclaring text command \capitalmacron (encoding TS1) 
on input line 64.
LaTeX Encoding Info:    Redeclaring text command \capitaldotaccent (encoding TS
1) on input line 65.
LaTeX Encoding Info:    Redeclaring text command \t (encoding TS1) on input lin
e 66.
LaTeX Encoding Info:    Redeclaring text command \capitaltie (encoding TS1) on 
input line 67.
LaTeX Encoding Info:    Redeclaring text command \newtie (encoding TS1) on inpu
t line 68.
LaTeX Encoding Info:    Redeclaring text command \capitalnewtie (encoding TS1) 
on input line 69.
LaTeX Encoding Info:    Redeclaring text symbol \textcapitalcompwordmark (encod
ing TS1) on input line 70.
LaTeX Encoding Info:    Redeclaring text symbol \textascendercompwordmark (enco
ding TS1) on input line 71.
LaTeX Encoding Info:    Redeclaring text symbol \textquotestraightbase (encodin
g TS1) on input line 72.
LaTeX Encoding Info:    Redeclaring text symbol \textquotestraightdblbase (enco
ding TS1) on input line 73.
LaTeX Encoding Info:    Redeclaring text symbol \texttwelveudash (encoding TS1)
 on input line 74.
LaTeX Encoding Info:    Redeclaring text symbol \textthreequartersemdash (encod
ing TS1) on input line 75.
LaTeX Encoding Info:    Redeclaring text symbol \textleftarrow (encoding TS1) o
n input line 76.
LaTeX Encoding Info:    Redeclaring text symbol \textrightarrow (encoding TS1) 
on input line 77.
LaTeX Encoding Info:    Redeclaring text symbol \textblank (encoding TS1) on in
put line 78.
LaTeX Encoding Info:    Redeclaring text symbol \textdollar (encoding TS1) on i
nput line 79.
LaTeX Encoding Info:    Redeclaring text symbol \textquotesingle (encoding TS1)
 on input line 80.
LaTeX Encoding Info:    Redeclaring text command \textasteriskcentered (encodin
g TS1) on input line 81.
LaTeX Encoding Info:    Redeclaring text symbol \textdblhyphen (encoding TS1) o
n input line 92.
LaTeX Encoding Info:    Redeclaring text symbol \textfractionsolidus (encoding 
TS1) on input line 93.
LaTeX Encoding Info:    Redeclaring text symbol \textzerooldstyle (encoding TS1
) on input line 94.
LaTeX Encoding Info:    Redeclaring text symbol \textoneoldstyle (encoding TS1)
 on input line 95.
LaTeX Encoding Info:    Redeclaring text symbol \texttwooldstyle (encoding TS1)
 on input line 96.
LaTeX Encoding Info:    Redeclaring text symbol \textthreeoldstyle (encoding TS
1) on input line 97.
LaTeX Encoding Info:    Redeclaring text symbol \textfouroldstyle (encoding TS1
) on input line 98.
LaTeX Encoding Info:    Redeclaring text symbol \textfiveoldstyle (encoding TS1
) on input line 99.
LaTeX Encoding Info:    Redeclaring text symbol \textsixoldstyle (encoding TS1)
 on input line 100.
LaTeX Encoding Info:    Redeclaring text symbol \textsevenoldstyle (encoding TS
1) on input line 101.
LaTeX Encoding Info:    Redeclaring text symbol \texteightoldstyle (encoding TS
1) on input line 102.
LaTeX Encoding Info:    Redeclaring text symbol \textnineoldstyle (encoding TS1
) on input line 103.
LaTeX Encoding Info:    Redeclaring text symbol \textlangle (encoding TS1) on i
nput line 104.
LaTeX Encoding Info:    Redeclaring text symbol \textminus (encoding TS1) on in
put line 105.
LaTeX Encoding Info:    Redeclaring text symbol \textrangle (encoding TS1) on i
nput line 106.
LaTeX Encoding Info:    Redeclaring text symbol \textmho (encoding TS1) on inpu
t line 107.
LaTeX Encoding Info:    Redeclaring text symbol \textbigcircle (encoding TS1) o
n input line 108.
LaTeX Encoding Info:    Redeclaring text command \textcircled (encoding TS1) on
 input line 109.
LaTeX Encoding Info:    Redeclaring text symbol \textohm (encoding TS1) on inpu
t line 115.
LaTeX Encoding Info:    Redeclaring text symbol \textlbrackdbl (encoding TS1) o
n input line 116.
LaTeX Encoding Info:    Redeclaring text symbol \textrbrackdbl (encoding TS1) o
n input line 117.
LaTeX Encoding Info:    Redeclaring text symbol \textuparrow (encoding TS1) on 
input line 118.
LaTeX Encoding Info:    Redeclaring text symbol \textdownarrow (encoding TS1) o
n input line 119.
LaTeX Encoding Info:    Redeclaring text symbol \textasciigrave (encoding TS1) 
on input line 120.
LaTeX Encoding Info:    Redeclaring text symbol \textborn (encoding TS1) on inp
ut line 121.
LaTeX Encoding Info:    Redeclaring text symbol \textdivorced (encoding TS1) on
 input line 122.
LaTeX Encoding Info:    Redeclaring text symbol \textdied (encoding TS1) on inp
ut line 123.
LaTeX Encoding Info:    Redeclaring text symbol \textleaf (encoding TS1) on inp
ut line 124.
LaTeX Encoding Info:    Redeclaring text symbol \textmarried (encoding TS1) on 
input line 125.
LaTeX Encoding Info:    Redeclaring text symbol \textmusicalnote (encoding TS1)
 on input line 126.
LaTeX Encoding Info:    Redeclaring text symbol \texttildelow (encoding TS1) on
 input line 127.
LaTeX Encoding Info:    Redeclaring text symbol \textdblhyphenchar (encoding TS
1) on input line 128.
LaTeX Encoding Info:    Redeclaring text symbol \textasciibreve (encoding TS1) 
on input line 129.
LaTeX Encoding Info:    Redeclaring text symbol \textasciicaron (encoding TS1) 
on input line 130.
LaTeX Encoding Info:    Redeclaring text symbol \textacutedbl (encoding TS1) on
 input line 131.
LaTeX Encoding Info:    Redeclaring text symbol \textgravedbl (encoding TS1) on
 input line 132.
LaTeX Encoding Info:    Redeclaring text symbol \textdagger (encoding TS1) on i
nput line 133.
LaTeX Encoding Info:    Redeclaring text symbol \textdaggerdbl (encoding TS1) o
n input line 134.
LaTeX Encoding Info:    Redeclaring text symbol \textbardbl (encoding TS1) on i
nput line 135.
LaTeX Encoding Info:    Redeclaring text symbol \textperthousand (encoding TS1)
 on input line 136.
LaTeX Encoding Info:    Redeclaring text symbol \textbullet (encoding TS1) on i
nput line 137.
LaTeX Encoding Info:    Redeclaring text symbol \textcelsius (encoding TS1) on 
input line 138.
LaTeX Encoding Info:    Redeclaring text symbol \textdollaroldstyle (encoding T
S1) on input line 139.
LaTeX Encoding Info:    Redeclaring text symbol \textcentoldstyle (encoding TS1
) on input line 140.
LaTeX Encoding Info:    Redeclaring text symbol \textflorin (encoding TS1) on i
nput line 141.
LaTeX Encoding Info:    Redeclaring text symbol \textcolonmonetary (encoding TS
1) on input line 142.
LaTeX Encoding Info:    Redeclaring text symbol \textwon (encoding TS1) on inpu
t line 143.
LaTeX Encoding Info:    Redeclaring text symbol \textnaira (encoding TS1) on in
put line 144.
LaTeX Encoding Info:    Redeclaring text symbol \textguarani (encoding TS1) on 
input line 145.
LaTeX Encoding Info:    Redeclaring text symbol \textpeso (encoding TS1) on inp
ut line 146.
LaTeX Encoding Info:    Redeclaring text symbol \textlira (encoding TS1) on inp
ut line 147.
LaTeX Encoding Info:    Redeclaring text symbol \textrecipe (encoding TS1) on i
nput line 148.
LaTeX Encoding Info:    Redeclaring text symbol \textinterrobang (encoding TS1)
 on input line 149.
LaTeX Encoding Info:    Redeclaring text symbol \textinterrobangdown (encoding 
TS1) on input line 150.
LaTeX Encoding Info:    Redeclaring text symbol \textdong (encoding TS1) on inp
ut line 151.
LaTeX Encoding Info:    Redeclaring text symbol \texttrademark (encoding TS1) o
n input line 152.
LaTeX Encoding Info:    Redeclaring text symbol \textpertenthousand (encoding T
S1) on input line 153.
LaTeX Encoding Info:    Redeclaring text symbol \textpilcrow (encoding TS1) on 
input line 154.
LaTeX Encoding Info:    Redeclaring text symbol \textbaht (encoding TS1) on inp
ut line 155.
LaTeX Encoding Info:    Redeclaring text symbol \textnumero (encoding TS1) on i
nput line 156.
LaTeX Encoding Info:    Redeclaring text symbol \textdiscount (encoding TS1) on
 input line 157.
LaTeX Encoding Info:    Redeclaring text symbol \textestimated (encoding TS1) o
n input line 158.
LaTeX Encoding Info:    Redeclaring text symbol \textopenbullet (encoding TS1) 
on input line 159.
LaTeX Encoding Info:    Redeclaring text symbol \textservicemark (encoding TS1)
 on input line 160.
LaTeX Encoding Info:    Redeclaring text symbol \textlquill (encoding TS1) on i
nput line 161.
LaTeX Encoding Info:    Redeclaring text symbol \textrquill (encoding TS1) on i
nput line 162.
LaTeX Encoding Info:    Redeclaring text symbol \textcent (encoding TS1) on inp
ut line 163.
LaTeX Encoding Info:    Redeclaring text symbol \textsterling (encoding TS1) on
 input line 164.
LaTeX Encoding Info:    Redeclaring text symbol \textcurrency (encoding TS1) on
 input line 165.
LaTeX Encoding Info:    Redeclaring text symbol \textyen (encoding TS1) on inpu
t line 166.
LaTeX Encoding Info:    Redeclaring text symbol \textbrokenbar (encoding TS1) o
n input line 167.
LaTeX Encoding Info:    Redeclaring text symbol \textsection (encoding TS1) on 
input line 168.
LaTeX Encoding Info:    Redeclaring text symbol \textasciidieresis (encoding TS
1) on input line 169.
LaTeX Encoding Info:    Redeclaring text symbol \textcopyright (encoding TS1) o
n input line 170.
LaTeX Encoding Info:    Redeclaring text symbol \textordfeminine (encoding TS1)
 on input line 171.
LaTeX Encoding Info:    Redeclaring text symbol \textcopyleft (encoding TS1) on
 input line 172.
LaTeX Encoding Info:    Redeclaring text symbol \textlnot (encoding TS1) on inp
ut line 173.
LaTeX Encoding Info:    Redeclaring text symbol \textcircledP (encoding TS1) on
 input line 174.
LaTeX Encoding Info:    Redeclaring text symbol \textregistered (encoding TS1) 
on input line 175.
LaTeX Encoding Info:    Redeclaring text symbol \textasciimacron (encoding TS1)
 on input line 176.
LaTeX Encoding Info:    Redeclaring text symbol \textdegree (encoding TS1) on i
nput line 177.
LaTeX Encoding Info:    Redeclaring text symbol \textpm (encoding TS1) on input
 line 178.
LaTeX Encoding Info:    Redeclaring text symbol \texttwosuperior (encoding TS1)
 on input line 179.
LaTeX Encoding Info:    Redeclaring text symbol \textthreesuperior (encoding TS
1) on input line 180.
LaTeX Encoding Info:    Redeclaring text symbol \textasciiacute (encoding TS1) 
on input line 181.
LaTeX Encoding Info:    Redeclaring text symbol \textmu (encoding TS1) on input
 line 182.
LaTeX Encoding Info:    Redeclaring text symbol \textparagraph (encoding TS1) o
n input line 183.
LaTeX Encoding Info:    Redeclaring text symbol \textperiodcentered (encoding T
S1) on input line 184.
LaTeX Encoding Info:    Redeclaring text symbol \textreferencemark (encoding TS
1) on input line 185.
LaTeX Encoding Info:    Redeclaring text symbol \textonesuperior (encoding TS1)
 on input line 186.
LaTeX Encoding Info:    Redeclaring text symbol \textordmasculine (encoding TS1
) on input line 187.
LaTeX Encoding Info:    Redeclaring text symbol \textsurd (encoding TS1) on inp
ut line 188.
LaTeX Encoding Info:    Redeclaring text symbol \textonequarter (encoding TS1) 
on input line 189.
LaTeX Encoding Info:    Redeclaring text symbol \textonehalf (encoding TS1) on 
input line 190.
LaTeX Encoding Info:    Redeclaring text symbol \textthreequarters (encoding TS
1) on input line 191.
LaTeX Encoding Info:    Redeclaring text symbol \texteuro (encoding TS1) on inp
ut line 192.
LaTeX Encoding Info:    Redeclaring text symbol \texttimes (encoding TS1) on in
put line 193.
LaTeX Encoding Info:    Redeclaring text symbol \textdiv (encoding TS1) on inpu
t line 194.
))
\l__ctex_tmp_int=\count274
\l__ctex_tmp_box=\box53
\l__ctex_tmp_dim=\dimen148
\g__ctex_section_depth_int=\count275
\g__ctex_font_size_int=\count276

(/usr/local/texlive/2026/texmf-dist/tex/latex/ctex/config/ctexopts.cfg
File: ctexopts.cfg 2022/07/14 v2.5.10 Option configuration file (CTEX)
)
(/usr/local/texlive/2026/texmf-dist/tex/latex/base/article.cls
Document Class: article 2025/01/22 v1.4n Standard LaTeX document class
(/usr/local/texlive/2026/texmf-dist/tex/latex/base/size11.clo
File: size11.clo 2025/01/22 v1.4n Standard LaTeX file (size option)
)
\c@part=\count277
\c@section=\count278
\c@subsection=\count279
\c@subsubsection=\count280
\c@paragraph=\count281
\c@subparagraph=\count282
\c@figure=\count283
\c@table=\count284
\abovecaptionskip=\skip49
\belowcaptionskip=\skip50
\bibindent=\dimen149
)
(/usr/local/texlive/2026/texmf-dist/tex/latex/ctex/engine/ctex-engine-xetex.def
File: ctex-engine-xetex.def 2022/07/14 v2.5.10 XeLaTeX adapter (CTEX)
(/usr/local/texlive/2026/texmf-dist/tex/xelatex/xecjk/xeCJK.sty
Package: xeCJK 2022/08/05 v3.9.1 Typesetting CJK scripts with XeLaTeX

(/usr/local/texlive/2026/texmf-dist/tex/latex/l3packages/xtemplate/xtemplate.st
y
Package: xtemplate 2025-10-09 L3 Experimental prototype document functions
)
\l__xeCJK_tmp_int=\count285
\l__xeCJK_tmp_box=\box54
\l__xeCJK_tmp_dim=\dimen150
\l__xeCJK_tmp_skip=\skip51
\g__xeCJK_space_factor_int=\count286
\l__xeCJK_begin_int=\count287
\l__xeCJK_end_int=\count288
\c__xeCJK_CJK_class_int=\XeTeXcharclass1
\c__xeCJK_FullLeft_class_int=\XeTeXcharclass2
\c__xeCJK_FullRight_class_int=\XeTeXcharclass3
\c__xeCJK_HalfLeft_class_int=\XeTeXcharclass4
\c__xeCJK_HalfRight_class_int=\XeTeXcharclass5
\c__xeCJK_NormalSpace_class_int=\XeTeXcharclass6
\c__xeCJK_CM_class_int=\XeTeXcharclass7
\c__xeCJK_HangulJamo_class_int=\XeTeXcharclass8
\l__xeCJK_last_skip=\skip52
\c__xeCJK_none_node=\count289
\g__xeCJK_node_int=\count290
\c__xeCJK_CJK_node_dim=\dimen151
\c__xeCJK_CJK-space_node_dim=\dimen152
\c__xeCJK_default_node_dim=\dimen153
\c__xeCJK_CJK-widow_node_dim=\dimen154
\c__xeCJK_normalspace_node_dim=\dimen155
\c__xeCJK_default-space_node_skip=\skip53
\l__xeCJK_ccglue_skip=\skip54
\l__xeCJK_ecglue_skip=\skip55
\l__xeCJK_punct_kern_skip=\skip56
\l__xeCJK_indent_box=\box55
\l__xeCJK_last_penalty_int=\count291
\l__xeCJK_last_bound_dim=\dimen156
\l__xeCJK_last_kern_dim=\dimen157
\l__xeCJK_widow_penalty_int=\count292

LaTeX template Info: Declaring template type 'xeCJK/punctuation' taking 0
(template)           argument(s) on line 2396.

\l__xeCJK_fixed_punct_width_dim=\dimen158
\l__xeCJK_mixed_punct_width_dim=\dimen159
\l__xeCJK_middle_punct_width_dim=\dimen160
\l__xeCJK_fixed_margin_width_dim=\dimen161
\l__xeCJK_mixed_margin_width_dim=\dimen162
\l__xeCJK_middle_margin_width_dim=\dimen163
\l__xeCJK_bound_punct_width_dim=\dimen164
\l__xeCJK_bound_margin_width_dim=\dimen165
\l__xeCJK_margin_minimum_dim=\dimen166
\l__xeCJK_kerning_total_width_dim=\dimen167
\l__xeCJK_same_align_margin_dim=\dimen168
\l__xeCJK_different_align_margin_dim=\dimen169
\l__xeCJK_kerning_margin_width_dim=\dimen170
\l__xeCJK_kerning_margin_minimum_dim=\dimen171
\l__xeCJK_bound_dim=\dimen172
\l__xeCJK_reverse_bound_dim=\dimen173
\l__xeCJK_margin_dim=\dimen174
\l__xeCJK_minimum_bound_dim=\dimen175
\l__xeCJK_kerning_margin_dim=\dimen176
\g__xeCJK_family_int=\count293
\l__xeCJK_fam_int=\count294
\g__xeCJK_fam_allocation_int=\count295
\l__xeCJK_verb_case_int=\count296
\l__xeCJK_verb_exspace_skip=\skip57
 (/usr/local/texlive/2026/texmf-dist/tex/latex/fontspec/fontspec.sty
(/usr/local/texlive/2026/texmf-dist/tex/latex/l3packages/xparse/xparse.sty
Package: xparse 2025-10-09 L3 Experimental document command parser
)
Package: fontspec 2025/09/29 v2.9g Font selection for XeLaTeX and LuaLaTeX

(/usr/local/texlive/2026/texmf-dist/tex/latex/fontspec/fontspec-xetex.sty
Package: fontspec-xetex 2025/09/29 v2.9g Font selection for XeLaTeX and LuaLaTe
X
\l__fontspec_script_int=\count297
\l__fontspec_language_int=\count298
\l__fontspec_strnum_int=\count299
\l__fontspec_tmp_int=\count300
\l__fontspec_tmpa_int=\count301
\l__fontspec_tmpb_int=\count302
\l__fontspec_tmpc_int=\count303
\l__fontspec_em_int=\count304
\l__fontspec_emdef_int=\count305
\l__fontspec_strong_int=\count306
\l__fontspec_strongdef_int=\count307
\l__fontspec_tmpa_dim=\dimen177
\l__fontspec_tmpb_dim=\dimen178
\l__fontspec_tmpc_dim=\dimen179

(/usr/local/texlive/2026/texmf-dist/tex/latex/base/fontenc.sty
Package: fontenc 2025/07/18 v2.1d Standard LaTeX package
)
(/usr/local/texlive/2026/texmf-dist/tex/latex/fontspec/fontspec.cfg)))
(/usr/local/texlive/2026/texmf-dist/tex/xelatex/xecjk/xeCJK.cfg
File: xeCJK.cfg 2022/08/05 v3.9.1 Configuration file for xeCJK package
))
\ccwd=\dimen180
\l__ctex_ccglue_skip=\skip58
)
\l__ctex_ziju_dim=\dimen181

(/usr/local/texlive/2026/texmf-dist/tex/latex/zhnumber/zhnumber.sty
Package: zhnumber 2022/07/14 v3.0 Typesetting numbers with Chinese glyphs
\l__zhnum_scale_int=\count308
\l__zhnum_tmp_int=\count309

(/usr/local/texlive/2026/texmf-dist/tex/latex/zhnumber/zhnumber-utf8.cfg
File: zhnumber-utf8.cfg 2022/07/14 v3.0 Chinese numerals with UTF8 encoding
))
\l__ctex_heading_skip=\skip59

(/usr/local/texlive/2026/texmf-dist/tex/latex/ctex/scheme/ctex-scheme-chinese-a
rticle.def
File: ctex-scheme-chinese-article.def 2022/07/14 v2.5.10 Chinese scheme for art
icle (CTEX)

(/usr/local/texlive/2026/texmf-dist/tex/latex/ctex/config/ctex-name-utf8.cfg
File: ctex-name-utf8.cfg 2022/07/14 v2.5.10 Caption with encoding UTF-8 (CTEX)
))
(/usr/local/texlive/2026/texmf-dist/tex/latex/ctex/fontset/ctex-fontset-fandol.
def
File: ctex-fontset-fandol.def 2022/07/14 v2.5.10 Fandol fonts definition (CTEX)


Package fontspec Info: 
(fontspec)             Script 'CJK' not explicitly supported within font
(fontspec)             'FandolSong-Regular'. Check the typeset output, and if
(fontspec)             it is okay then ignore this warning. Otherwise a
(fontspec)             different font should be chosen.


Package fontspec Info: 
(fontspec)             Font family 'FandolSong-Regular(0)' created for font
(fontspec)             'FandolSong-Regular' with options
(fontspec)             [Script={CJK},Extension={.otf},BoldFont={FandolSong-Bold
},ItalicFont={FandolKai-Regular}].
(fontspec)              
(fontspec)              This font family consists of the following NFSS
(fontspec)             series/shapes:
(fontspec)              
(fontspec)             - 'normal' (m/n) with NFSS spec.:
(fontspec)             <->"[FandolSong-Regular.otf]/OT:script=hani;language=dfl
t;"
(fontspec)             - 'bold' (b/n) with NFSS spec.:
(fontspec)             <->"[FandolSong-Bold.otf]/OT:script=hani;language=dflt;"

(fontspec)             - 'italic' (m/it) with NFSS spec.:
(fontspec)             <->"[FandolKai-Regular.otf]/OT:script=hani;language=dflt
;"

)) (/usr/local/texlive/2026/texmf-dist/tex/latex/ctex/config/ctex.cfg
File: ctex.cfg 2022/07/14 v2.5.10 Configuration file (CTEX)
)
(/usr/local/texlive/2026/texmf-dist/tex/latex/geometry/geometry.sty
Package: geometry 2026/03/07 v6.0 Page Geometry

(/usr/local/texlive/2026/texmf-dist/tex/latex/graphics/keyval.sty
Package: keyval 2022/05/29 v1.15 key=value parser (DPC)
\KV@toks@=\toks17
)
(/usr/local/texlive/2026/texmf-dist/tex/generic/iftex/ifvtex.sty
Package: ifvtex 2019/10/25 v1.7 ifvtex legacy package. Use iftex instead.

(/usr/local/texlive/2026/texmf-dist/tex/generic/iftex/iftex.sty
Package: iftex 2024/12/12 v1.0g TeX engine tests
))
\Gm@cnth=\count310
\Gm@cntv=\count311
\c@Gm@tempcnt=\count312
\Gm@bindingoffset=\dimen182
\Gm@wd@mp=\dimen183
\Gm@odd@mp=\dimen184
\Gm@even@mp=\dimen185
\Gm@layoutwidth=\dimen186
\Gm@layoutheight=\dimen187
\Gm@layouthoffset=\dimen188
\Gm@layoutvoffset=\dimen189
\Gm@dimlist=\toks18
)
(/usr/local/texlive/2026/texmf-dist/tex/latex/amsmath/amsmath.sty
Package: amsmath 2025/07/09 v2.17z AMS math features
\@mathmargin=\skip60

For additional information on amsmath, use the `?' option.
(/usr/local/texlive/2026/texmf-dist/tex/latex/amsmath/amstext.sty
Package: amstext 2024/11/17 v2.01 AMS text

(/usr/local/texlive/2026/texmf-dist/tex/latex/amsmath/amsgen.sty
File: amsgen.sty 1999/11/30 v2.0 generic functions
\@emptytoks=\toks19
\ex@=\dimen190
))
(/usr/local/texlive/2026/texmf-dist/tex/latex/amsmath/amsbsy.sty
Package: amsbsy 1999/11/29 v1.2d Bold Symbols
\pmbraise@=\dimen191
)
(/usr/local/texlive/2026/texmf-dist/tex/latex/amsmath/amsopn.sty
Package: amsopn 2022/04/08 v2.04 operator names
)
\inf@bad=\count313
LaTeX Info: Redefining \frac on input line 233.
\uproot@=\count314
\leftroot@=\count315
LaTeX Info: Redefining \overline on input line 398.
LaTeX Info: Redefining \colon on input line 409.
\classnum@=\count316
\DOTSCASE@=\count317
LaTeX Info: Redefining \ldots on input line 495.
LaTeX Info: Redefining \dots on input line 498.
LaTeX Info: Redefining \cdots on input line 619.
\Mathstrutbox@=\box56
\strutbox@=\box57
LaTeX Info: Redefining \big on input line 721.
LaTeX Info: Redefining \Big on input line 722.
LaTeX Info: Redefining \bigg on input line 723.
LaTeX Info: Redefining \Bigg on input line 724.
\big@size=\dimen192
LaTeX Font Info:    Redeclaring font encoding OML on input line 742.
LaTeX Font Info:    Redeclaring font encoding OMS on input line 743.
\macc@depth=\count318
LaTeX Info: Redefining \bmod on input line 904.
LaTeX Info: Redefining \pmod on input line 909.
LaTeX Info: Redefining \smash on input line 939.
LaTeX Info: Redefining \relbar on input line 969.
LaTeX Info: Redefining \Relbar on input line 970.
\c@MaxMatrixCols=\count319
\dotsspace@=\muskip17
\c@parentequation=\count320
\dspbrk@lvl=\count321
\tag@help=\toks20
\row@=\count322
\column@=\count323
\maxfields@=\count324
\andhelp@=\toks21
\eqnshift@=\dimen193
\alignsep@=\dimen194
\tagshift@=\dimen195
\tagwidth@=\dimen196
\totwidth@=\dimen197
\lineht@=\dimen198
\@envbody=\toks22
\multlinegap=\skip61
\multlinetaggap=\skip62
\mathdisplay@stack=\toks23
LaTeX Info: Redefining \[ on input line 2950.
LaTeX Info: Redefining \] on input line 2951.
)
(/usr/local/texlive/2026/texmf-dist/tex/latex/amsfonts/amssymb.sty
Package: amssymb 2013/01/14 v3.01 AMS font symbols

(/usr/local/texlive/2026/texmf-dist/tex/latex/amsfonts/amsfonts.sty
Package: amsfonts 2013/01/14 v3.01 Basic AMSFonts support
\symAMSa=\mathgroup4
\symAMSb=\mathgroup5
LaTeX Font Info:    Redeclaring math symbol \hbar on input line 98.
LaTeX Font Info:    Overwriting math alphabet `\mathfrak' in version `bold'
(Font)                  U/euf/m/n --> U/euf/b/n on input line 106.
))
(/usr/local/texlive/2026/texmf-dist/tex/latex/tools/bm.sty
Package: bm 2025/10/21 v1.2g Bold Symbol Support (DPC/FMi)
\symboldoperators=\mathgroup6
\symboldletters=\mathgroup7
\symboldsymbols=\mathgroup8
Package bm Info: No bold for \OMX/cmex/m/n, using \pmb.
Package bm Info: No bold for \U/msa/m/n, using \pmb.
Package bm Info: No bold for \U/msb/m/n, using \pmb.
LaTeX Font Info:    Redeclaring math alphabet \mathbf on input line 149.
)
(/usr/local/texlive/2026/texmf-dist/tex/latex/booktabs/booktabs.sty
Package: booktabs 2020/01/12 v1.61803398 Publication quality tables
\heavyrulewidth=\dimen199
\lightrulewidth=\dimen256
\cmidrulewidth=\dimen257
\belowrulesep=\dimen258
\belowbottomsep=\dimen259
\aboverulesep=\dimen260
\abovetopsep=\dimen261
\cmidrulesep=\dimen262
\cmidrulekern=\dimen263
\defaultaddspace=\dimen264
\@cmidla=\count325
\@cmidlb=\count326
\@aboverulesep=\dimen265
\@belowrulesep=\dimen266
\@thisruleclass=\count327
\@lastruleclass=\count328
\@thisrulewidth=\dimen267
)
(/usr/local/texlive/2026/texmf-dist/tex/latex/tools/tabularx.sty
Package: tabularx 2023/12/11 v2.12a `tabularx' package (DPC)

(/usr/local/texlive/2026/texmf-dist/tex/latex/tools/array.sty
Package: array 2025/09/25 v2.6n Tabular extension package (FMi)
\col@sep=\dimen268
\ar@mcellbox=\box58
\extrarowheight=\dimen269
\NC@list=\toks24
\extratabsurround=\skip63
\backup@length=\skip64
\ar@cellbox=\box59
)
\TX@col@width=\dimen270
\TX@old@table=\dimen271
\TX@old@col=\dimen272
\TX@target=\dimen273
\TX@delta=\dimen274
\TX@cols=\count329
\TX@ftn=\toks25
)
(/usr/local/texlive/2026/texmf-dist/tex/latex/tools/longtable.sty
Package: longtable 2025-10-13 v4.24 Multi-page Table package (DPC)
\LTleft=\skip65
\LTright=\skip66
\LTpre=\skip67
\LTpost=\skip68
\LTchunksize=\count330
\LTcapwidth=\dimen275
\LT@head=\box60
\LT@firsthead=\box61
\LT@foot=\box62
\LT@lastfoot=\box63
\LT@gbox=\box64
\LT@cols=\count331
\LT@rows=\count332
\c@LT@tables=\count333
\c@LT@chunks=\count334
\LT@p@ftn=\toks26
)
(/usr/local/texlive/2026/texmf-dist/tex/latex/enumitem/enumitem.sty
Package: enumitem 2025/02/06 v3.11 Customized lists
\labelindent=\skip69
\enit@outerparindent=\dimen276
\enit@toks=\toks27
\enit@inbox=\box65
\enit@count@id=\count335
\enitdp@description=\count336
)
(/usr/local/texlive/2026/texmf-dist/tex/latex/hyperref/hyperref.sty
Package: hyperref 2026-01-29 v7.01p Hypertext links for LaTeX

(/usr/local/texlive/2026/texmf-dist/tex/latex/kvsetkeys/kvsetkeys.sty
Package: kvsetkeys 2022-10-05 v1.19 Key value parser (HO)
)
(/usr/local/texlive/2026/texmf-dist/tex/generic/kvdefinekeys/kvdefinekeys.sty
Package: kvdefinekeys 2019-12-19 v1.6 Define keys (HO)
)
(/usr/local/texlive/2026/texmf-dist/tex/generic/pdfescape/pdfescape.sty
Package: pdfescape 2019/12/09 v1.15 Implements pdfTeX's escape features (HO)

(/usr/local/texlive/2026/texmf-dist/tex/generic/ltxcmds/ltxcmds.sty
Package: ltxcmds 2023-12-04 v1.26 LaTeX kernel commands for general use (HO)
)
(/usr/local/texlive/2026/texmf-dist/tex/generic/pdftexcmds/pdftexcmds.sty
Package: pdftexcmds 2020-06-27 v0.33 Utility functions of pdfTeX for LuaTeX (HO
)

(/usr/local/texlive/2026/texmf-dist/tex/generic/infwarerr/infwarerr.sty
Package: infwarerr 2019/12/03 v1.5 Providing info/warning/error messages (HO)
)
Package pdftexcmds Info: \pdf@primitive is available.
Package pdftexcmds Info: \pdf@ifprimitive is available.
Package pdftexcmds Info: \pdfdraftmode not found.
))
(/usr/local/texlive/2026/texmf-dist/tex/latex/hycolor/hycolor.sty
Package: hycolor 2020-01-27 v1.10 Color options for hyperref/bookmark (HO)
)
(/usr/local/texlive/2026/texmf-dist/tex/latex/hyperref/nameref.sty
Package: nameref 2026-01-29 v2.58 Cross-referencing by name of section

(/usr/local/texlive/2026/texmf-dist/tex/latex/refcount/refcount.sty
Package: refcount 2019/12/15 v3.6 Data extraction from label references (HO)
)
(/usr/local/texlive/2026/texmf-dist/tex/generic/gettitlestring/gettitlestring.s
ty
Package: gettitlestring 2019/12/15 v1.6 Cleanup title references (HO)
 (/usr/local/texlive/2026/texmf-dist/tex/latex/kvoptions/kvoptions.sty
Package: kvoptions 2022-06-15 v3.15 Key value format for package options (HO)
))
\c@section@level=\count337
)
(/usr/local/texlive/2026/texmf-dist/tex/latex/etoolbox/etoolbox.sty
Package: etoolbox 2025/10/02 v2.5m e-TeX tools for LaTeX (JAW)
\etb@tempcnta=\count338
)
(/usr/local/texlive/2026/texmf-dist/tex/generic/stringenc/stringenc.sty
Package: stringenc 2019/11/29 v1.12 Convert strings between diff. encodings (HO
)
)
\@linkdim=\dimen277
\Hy@linkcounter=\count339
\Hy@pagecounter=\count340

(/usr/local/texlive/2026/texmf-dist/tex/latex/hyperref/pd1enc.def
File: pd1enc.def 2026-01-29 v7.01p Hyperref: PDFDocEncoding definition (HO)
)
(/usr/local/texlive/2026/texmf-dist/tex/generic/intcalc/intcalc.sty
Package: intcalc 2019/12/15 v1.3 Expandable calculations with integers (HO)
)
\Hy@SavedSpaceFactor=\count341

(/usr/local/texlive/2026/texmf-dist/tex/latex/hyperref/puenc.def
File: puenc.def 2026-01-29 v7.01p Hyperref: PDF Unicode definition (HO)
)
Package hyperref Info: Option `unicode' set `true' on input line 4072.
Package hyperref Info: Option `unicode' set `true' on input line 4072.
Package hyperref Info: Hyper figures OFF on input line 4201.
Package hyperref Info: Link nesting OFF on input line 4206.
Package hyperref Info: Hyper index ON on input line 4209.
Package hyperref Info: Plain pages OFF on input line 4216.
Package hyperref Info: Backreferencing OFF on input line 4221.
Package hyperref Info: Implicit mode ON; LaTeX internals redefined.
Package hyperref Info: Bookmarks ON on input line 4468.
\c@Hy@tempcnt=\count342

(/usr/local/texlive/2026/texmf-dist/tex/latex/url/url.sty
\Urlmuskip=\muskip18
Package: url 2013/09/16  ver 3.4  Verb mode for urls, etc.
)
LaTeX Info: Redefining \url on input line 4807.
\XeTeXLinkMargin=\dimen278

(/usr/local/texlive/2026/texmf-dist/tex/generic/bitset/bitset.sty
Package: bitset 2019/12/09 v1.3 Handle bit-vector datatype (HO)

(/usr/local/texlive/2026/texmf-dist/tex/generic/bigintcalc/bigintcalc.sty
Package: bigintcalc 2019/12/15 v1.5 Expandable calculations on big integers (HO
)
))
\Fld@menulength=\count343
\Field@Width=\dimen279
\Fld@charsize=\dimen280
Package hyperref Info: Hyper figures OFF on input line 6084.
Package hyperref Info: Link nesting OFF on input line 6089.
Package hyperref Info: Hyper index ON on input line 6092.
Package hyperref Info: backreferencing OFF on input line 6099.
Package hyperref Info: Link coloring OFF on input line 6104.
Package hyperref Info: Link coloring with OCG OFF on input line 6109.
Package hyperref Info: PDF/A mode OFF on input line 6114.
\Hy@abspage=\count344
\c@Item=\count345
\c@Hfootnote=\count346
)
Package hyperref Info: Driver (autodetected): hxetex.

(/usr/local/texlive/2026/texmf-dist/tex/latex/hyperref/hxetex.def
File: hxetex.def 2026-01-29 v7.01p Hyperref driver for XeTeX
\pdfm@box=\box66
\c@Hy@AnnotLevel=\count347
\HyField@AnnotCount=\count348
\Fld@listcount=\count349
\c@bookmark@seq@number=\count350

(/usr/local/texlive/2026/texmf-dist/tex/latex/rerunfilecheck/rerunfilecheck.sty
Package: rerunfilecheck 2025-06-21 v1.11 Rerun checks for auxiliary files (HO)

(/usr/local/texlive/2026/texmf-dist/tex/generic/uniquecounter/uniquecounter.sty
Package: uniquecounter 2019/12/15 v1.4 Provide unlimited unique counter (HO)
)
Package uniquecounter Info: New unique counter `rerunfilecheck' on input line 2
84.
)
\Hy@SectionHShift=\skip70
)
Package hyperref Info: Option `colorlinks' set `true' on input line 19.
Package hyperref Info: Option `bookmarksnumbered' set `true' on input line 19.
 (./errata.aux)
\openout1 = `errata.aux'.

LaTeX Font Info:    Checking defaults for OML/cmm/m/it on input line 27.
LaTeX Font Info:    ... okay on input line 27.
LaTeX Font Info:    Checking defaults for OMS/cmsy/m/n on input line 27.
LaTeX Font Info:    ... okay on input line 27.
LaTeX Font Info:    Checking defaults for OT1/cmr/m/n on input line 27.
LaTeX Font Info:    ... okay on input line 27.
LaTeX Font Info:    Checking defaults for T1/cmr/m/n on input line 27.
LaTeX Font Info:    ... okay on input line 27.
LaTeX Font Info:    Checking defaults for TS1/cmr/m/n on input line 27.
LaTeX Font Info:    ... okay on input line 27.
LaTeX Font Info:    Checking defaults for TU/lmr/m/n on input line 27.
LaTeX Font Info:    ... okay on input line 27.
LaTeX Font Info:    Checking defaults for OMX/cmex/m/n on input line 27.
LaTeX Font Info:    ... okay on input line 27.
LaTeX Font Info:    Checking defaults for U/cmr/m/n on input line 27.
LaTeX Font Info:    ... okay on input line 27.
LaTeX Font Info:    Checking defaults for PD1/pdf/m/n on input line 27.
LaTeX Font Info:    ... okay on input line 27.
LaTeX Font Info:    Checking defaults for PU/pdf/m/n on input line 27.
LaTeX Font Info:    ... okay on input line 27.

Package fontspec Info: 
(fontspec)             Adjusting the maths setup (use [no-math] to avoid
(fontspec)             this).

\symlegacymaths=\mathgroup9
LaTeX Font Info:    Overwriting symbol font `legacymaths' in version `bold'
(Font)                  OT1/cmr/m/n --> OT1/cmr/bx/n on input line 27.
LaTeX Font Info:    Redeclaring math accent \acute on input line 27.
LaTeX Font Info:    Redeclaring math accent \grave on input line 27.
LaTeX Font Info:    Redeclaring math accent \ddot on input line 27.
LaTeX Font Info:    Redeclaring math accent \tilde on input line 27.
LaTeX Font Info:    Redeclaring math accent \bar on input line 27.
LaTeX Font Info:    Redeclaring math accent \breve on input line 27.
LaTeX Font Info:    Redeclaring math accent \check on input line 27.
LaTeX Font Info:    Redeclaring math accent \hat on input line 27.
LaTeX Font Info:    Redeclaring math accent \dot on input line 27.
LaTeX Font Info:    Redeclaring math accent \mathring on input line 27.
LaTeX Font Info:    Redeclaring math symbol \Gamma on input line 27.
LaTeX Font Info:    Redeclaring math symbol \Delta on input line 27.
LaTeX Font Info:    Redeclaring math symbol \Theta on input line 27.
LaTeX Font Info:    Redeclaring math symbol \Lambda on input line 27.
LaTeX Font Info:    Redeclaring math symbol \Xi on input line 27.
LaTeX Font Info:    Redeclaring math symbol \Pi on input line 27.
LaTeX Font Info:    Redeclaring math symbol \Sigma on input line 27.
LaTeX Font Info:    Redeclaring math symbol \Upsilon on input line 27.
LaTeX Font Info:    Redeclaring math symbol \Phi on input line 27.
LaTeX Font Info:    Redeclaring math symbol \Psi on input line 27.
LaTeX Font Info:    Redeclaring math symbol \Omega on input line 27.
LaTeX Font Info:    Redeclaring math symbol \mathdollar on input line 27.
LaTeX Font Info:    Redeclaring symbol font `operators' on input line 27.
LaTeX Font Info:    Encoding `OT1' has changed to `TU' for symbol font
(Font)              `operators' in the math version `normal' on input line 27.
LaTeX Font Info:    Overwriting symbol font `operators' in version `normal'
(Font)                  OT1/cmr/m/n --> TU/lmr/m/n on input line 27.
LaTeX Font Info:    Encoding `OT1' has changed to `TU' for symbol font
(Font)              `operators' in the math version `bold' on input line 27.
LaTeX Font Info:    Overwriting symbol font `operators' in version `bold'
(Font)                  OT1/cmr/bx/n --> TU/lmr/m/n on input line 27.
LaTeX Font Info:    Overwriting symbol font `operators' in version `normal'
(Font)                  TU/lmr/m/n --> TU/lmr/m/n on input line 27.
LaTeX Font Info:    Overwriting math alphabet `\mathit' in version `normal'
(Font)                  OT1/cmr/m/it --> TU/lmr/m/it on input line 27.
LaTeX Font Info:    Overwriting math alphabet `\mathbf' in version `normal'
(Font)                  OT1/cmr/bx/n --> TU/lmr/b/n on input line 27.
LaTeX Font Info:    Overwriting math alphabet `\mathsf' in version `normal'
(Font)                  OT1/cmss/m/n --> TU/lmss/m/n on input line 27.
LaTeX Font Info:    Overwriting math alphabet `\mathtt' in version `normal'
(Font)                  OT1/cmtt/m/n --> TU/lmtt/m/n on input line 27.
LaTeX Font Info:    Overwriting symbol font `operators' in version `bold'
(Font)                  TU/lmr/m/n --> TU/lmr/b/n on input line 27.
LaTeX Font Info:    Overwriting math alphabet `\mathit' in version `bold'
(Font)                  OT1/cmr/bx/it --> TU/lmr/b/it on input line 27.
LaTeX Font Info:    Overwriting math alphabet `\mathsf' in version `bold'
(Font)                  OT1/cmss/bx/n --> TU/lmss/b/n on input line 27.
LaTeX Font Info:    Overwriting math alphabet `\mathtt' in version `bold'
(Font)                  OT1/cmtt/m/n --> TU/lmtt/b/n on input line 27.

*geometry* driver: auto-detecting
*geometry* detected driver: xetex
*geometry* verbose mode - [ preamble ] result:
* driver: xetex
* paper: a4paper
* layout: <same size as paper>
* layoutoffset:(h,v)=(0.0pt,0.0pt)
* modes: 
* h-part:(L,W,R)=(68.28644pt, 460.935pt, 68.28644pt)
* v-part:(T,H,B)=(79.6678pt, 685.71124pt, 79.6678pt)
* \paperwidth=597.50787pt
* \paperheight=845.04684pt
* \textwidth=460.935pt
* \textheight=685.71124pt
* \oddsidemargin=-3.98355pt
* \evensidemargin=-3.98355pt
* \topmargin=-29.60219pt
* \headheight=12.0pt
* \headsep=25.0pt
* \topskip=11.0pt
* \footskip=30.0pt
* \marginparwidth=50.0pt
* \marginparsep=10.0pt
* \columnsep=10.0pt
* \skip\footins=10.0pt plus 4.0pt minus 2.0pt
* \hoffset=0.0pt
* \voffset=0.0pt
* \mag=1000
* \@twocolumnfalse
* \@twosidefalse
* \@mparswitchfalse
* \@reversemarginfalse
* (1in=72.27pt=25.4mm, 1cm=28.453pt)

(/usr/local/texlive/2026/texmf-dist/tex/latex/graphics/color.sty
Package: color 2025/01/14 v1.3e Standard LaTeX Color (DPC)

(/usr/local/texlive/2026/texmf-dist/tex/latex/graphics-cfg/color.cfg
File: color.cfg 2016/01/02 v1.6 sample color configuration
)
Package color Info: Driver file: xetex.def on input line 149.

(/usr/local/texlive/2026/texmf-dist/tex/latex/graphics-def/xetex.def
File: xetex.def 2025/11/01 v5.0p Graphics/color driver for xetex
)
(/usr/local/texlive/2026/texmf-dist/tex/latex/graphics/mathcolor.ltx))
Package hyperref Info: Link coloring ON on input line 27.

(./errata.out) (./errata.out)
\@outlinefile=\write3
\openout3 = `errata.out'.

LaTeX Font Info:    Trying to load font information for U+msa on input line 29.


(/usr/local/texlive/2026/texmf-dist/tex/latex/amsfonts/umsa.fd
File: umsa.fd 2013/01/14 v3.01 AMS symbols A
)
LaTeX Font Info:    Trying to load font information for U+msb on input line 29.


(/usr/local/texlive/2026/texmf-dist/tex/latex/amsfonts/umsb.fd
File: umsb.fd 2013/01/14 v3.01 AMS symbols B
)
Underfull \hbox (badness 10000) in paragraph at lines 57--57
[]|\TU/FandolSong-Regular(0)/b/n/10 原 文
 []


Overfull \hbox (6.84251pt too wide) in paragraph at lines 57--57
[]|\TU/lmr/m/it/10 curtosis| 
 []


Underfull \hbox (badness 10000) in paragraph at lines 57--57
[]|\TU/FandolSong-Regular(0)/m/n/10 拼 写
 []


Underfull \hbox (badness 10000) in paragraph at lines 57--57
\TU/FandolSong-Regular(0)/m/n/10 有 误，|
 []


Underfull \hbox (badness 10000) in paragraph at lines 57--57
\TU/FandolSong-Regular(0)/m/n/10 通 常
 []


Underfull \hbox (badness 10000) in paragraph at lines 57--57
\TU/FandolSong-Regular(0)/m/n/10 写 作
 []


Underfull \hbox (badness 10000) in paragraph at lines 57--57
\TU/lmr/m/it/10 kur-
 []


Underfull \hbox (badness 10000) in paragraph at lines 57--57
\TU/lmr/m/it/10 tosis
 []


Underfull \hbox (badness 10000) in paragraph at lines 57--57
|\TU/FandolSong-Regular(0)/m/it/10 （原
 []


Underfull \hbox (badness 10000) in paragraph at lines 57--57
\TU/FandolSong-Regular(0)/m/it/10 文 随
 []


Underfull \hbox (badness 10000) in paragraph at lines 57--57
\TU/FandolSong-Regular(0)/m/it/10 后 已
 []


Underfull \hbox (badness 10000) in paragraph at lines 57--57
\TU/FandolSong-Regular(0)/m/it/10 用 括
 []


Underfull \hbox (badness 10000) in paragraph at lines 57--57
\TU/FandolSong-Regular(0)/m/it/10 号 给
 []


Underfull \hbox (badness 10000) in paragraph at lines 57--57
\TU/FandolSong-Regular(0)/m/it/10 出 这
 []


Underfull \hbox (badness 10000) in paragraph at lines 57--57
\TU/FandolSong-Regular(0)/m/it/10 一 形
 []


Underfull \hbox (badness 10000) in paragraph at lines 57--57
\TU/FandolSong-Regular(0)/m/it/10 讲 义
 []


Underfull \hbox (badness 10000) in paragraph at lines 57--57
\TU/FandolSong-Regular(0)/m/it/10 照 原
 []


Underfull \hbox (badness 10000) in paragraph at lines 57--57
\TU/FandolSong-Regular(0)/m/it/10 文 译
 []


Underfull \hbox (badness 10000) in paragraph at lines 57--57
\TU/FandolSong-Regular(0)/m/it/10 度」|
 []


Underfull \hbox (badness 10000) in paragraph at lines 57--57
\TU/FandolSong-Regular(0)/m/it/10 并 保
 []


Underfull \hbox (badness 10000) in paragraph at lines 57--57
\TU/FandolSong-Regular(0)/m/it/10 留 括
 []


Underfull \hbox (badness 10000) in paragraph at lines 57--57
[]|\TU/lmr/m/it/10 which
 []


Underfull \hbox (badness 10000) in paragraph at lines 57--57
\TU/lmr/m/it/10 typ-
 []


Underfull \hbox (badness 10000) in paragraph at lines 57--57
\TU/lmr/m/it/10 ical
 []


Underfull \hbox (badness 10000) in paragraph at lines 57--57
\TU/lmr/m/it/10 dis-
 []


Underfull \hbox (badness 10000) in paragraph at lines 57--57
\TU/lmr/m/it/10 tance
 []


Underfull \hbox (badness 10000) in paragraph at lines 57--57
\TU/lmr/m/it/10 ticle
 []


Underfull \hbox (badness 10000) in paragraph at lines 57--57
\TU/lmr/m/it/10 trav-
 []


Underfull \hbox (badness 10000) in paragraph at lines 57--57
\TU/lmr/m/it/10 els
 []


Underfull \hbox (badness 10000) in paragraph at lines 57--57
\TU/lmr/m/it/10 be-
 []


Underfull \hbox (badness 10000) in paragraph at lines 57--57
\TU/lmr/m/it/10 tween
 []


Underfull \hbox (badness 10000) in paragraph at lines 57--57
\TU/lmr/m/it/10 colli-
 []


Underfull \hbox (badness 10000) in paragraph at lines 57--57
[]|\TU/FandolSong-Regular(0)/m/n/10 式
 []


Underfull \hbox (badness 10000) in paragraph at lines 57--57
\TU/lmr/m/n/10 (3.31)
 []


Underfull \hbox (badness 10000) in paragraph at lines 57--57
\TU/FandolSong-Regular(0)/m/n/10 定
 []


Underfull \hbox (badness 10000) in paragraph at lines 57--57
\TU/FandolSong-Regular(0)/m/n/10 义 的
 []


Overfull \hbox (11.6497pt too wide) in paragraph at lines 57--57
\OT1/cmr/m/n/10 1/(\OML/cmm/m/it/10 nvd[]\OT1/cmr/m/n/10 )$
 []


Underfull \hbox (badness 10000) in paragraph at lines 57--57
\TU/FandolSong-Regular(0)/m/n/10 是 平
 []


Underfull \hbox (badness 10000) in paragraph at lines 57--57
\TU/FandolSong-Regular(0)/m/n/10 均 自
 []


Underfull \hbox (badness 10000) in paragraph at lines 57--57
\TU/FandolSong-Regular(0)/m/n/10 由 \TU/FandolSong-Regular(0)/m/it/10 时
 []


Underfull \hbox (badness 10000) in paragraph at lines 57--57
\TU/FandolSong-Regular(0)/m/it/10 间\TU/FandolSong-Regular(0)/m/n/10 ，|
 []


Underfull \hbox (badness 10000) in paragraph at lines 57--57
\TU/FandolSong-Regular(0)/m/n/10 量 纲
 []


Underfull \hbox (badness 10000) in paragraph at lines 57--57
\TU/FandolSong-Regular(0)/m/n/10 为 时
 []


Underfull \hbox (badness 10000) in paragraph at lines 57--57
\TU/FandolSong-Regular(0)/m/n/10 此 处
 []


Underfull \hbox (badness 10000) in paragraph at lines 57--57
\TU/FandolSong-Regular(0)/m/n/10 称 它
 []


Underfull \hbox (badness 10000) in paragraph at lines 57--57
\TU/FandolSong-Regular(0)/m/n/10 为 粒
 []


Underfull \hbox (badness 10000) in paragraph at lines 57--57
\TU/FandolSong-Regular(0)/m/n/10 子 两
 []


Underfull \hbox (badness 10000) in paragraph at lines 57--57
\TU/FandolSong-Regular(0)/m/n/10 次 碰
 []


Underfull \hbox (badness 10000) in paragraph at lines 57--57
\TU/FandolSong-Regular(0)/m/n/10 撞 间
 []


Underfull \hbox (badness 10000) in paragraph at lines 57--57
\TU/FandolSong-Regular(0)/m/n/10 走 过
 []


Underfull \hbox (badness 10000) in paragraph at lines 57--57
\TU/FandolSong-Regular(0)/m/n/10 的 典
 []


Overfull \hbox (7.90253pt too wide) in paragraph at lines 57--57
\TU/FandolSong-Regular(0)/m/n/10 离」 （\TU/lmr/m/it/10 dis-
 []


Overfull \hbox (2.45253pt too wide) in paragraph at lines 57--57
\TU/lmr/m/it/10 tance\TU/FandolSong-Regular(0)/m/it/10 ） ；|
 []


Underfull \hbox (badness 10000) in paragraph at lines 57--57
\TU/FandolSong-Regular(0)/m/it/10 按 上
 []


Underfull \hbox (badness 10000) in paragraph at lines 57--57
\TU/FandolSong-Regular(0)/m/it/10 下 文，|
 []


Underfull \hbox (badness 10000) in paragraph at lines 57--57
\TU/FandolSong-Regular(0)/m/it/10 两
 []


Underfull \hbox (badness 10000) in paragraph at lines 57--57
\TU/FandolSong-Regular(0)/m/it/10 次 碰
 []


Underfull \hbox (badness 10000) in paragraph at lines 57--57
\TU/FandolSong-Regular(0)/m/it/10 撞 间
 []


Underfull \hbox (badness 10000) in paragraph at lines 57--57
\TU/FandolSong-Regular(0)/m/it/10 走 过
 []


Underfull \hbox (badness 10000) in paragraph at lines 57--57
\TU/FandolSong-Regular(0)/m/it/10 的 典
 []


Underfull \hbox (badness 10000) in paragraph at lines 57--57
\TU/FandolSong-Regular(0)/m/it/10 型 距
 []


Underfull \hbox (badness 10000) in paragraph at lines 57--57
\TU/FandolSong-Regular(0)/m/it/10 离 应
 []


Underfull \hbox (badness 10000) in paragraph at lines 57--57
\TU/FandolSong-Regular(0)/m/it/10 是 平
 []


Underfull \hbox (badness 10000) in paragraph at lines 57--57
\TU/FandolSong-Regular(0)/m/it/10 均 自
 []


Underfull \hbox (badness 10000) in paragraph at lines 57--57
\TU/FandolSong-Regular(0)/m/it/10 由 程
 []


Underfull \hbox (badness 10000) in paragraph at lines 57--57
\OML/cmm/m/it/10 ` \OMS/cmsy/m/n/10 ^^Y
 []


Overfull \hbox (10.0037pt too wide) in paragraph at lines 57--57
\OT1/cmr/m/n/10 1/(\OML/cmm/m/it/10 nd[]\OT1/cmr/m/n/10 )$\TU/FandolSong-Regula
r(0)/m/it/10 。|
 []


Underfull \hbox (badness 10000) in paragraph at lines 57--57
\TU/FandolSong-Regular(0)/m/it/10 讲 义
 []


Underfull \hbox (badness 10000) in paragraph at lines 57--57
\TU/FandolSong-Regular(0)/m/it/10 照
 []


Underfull \hbox (badness 10000) in paragraph at lines 57--57
\TU/FandolSong-Regular(0)/m/it/10 原 文
 []


Underfull \hbox (badness 10000) in paragraph at lines 57--57
\TU/FandolSong-Regular(0)/m/it/10 译 为
 []


Underfull \hbox (badness 10000) in paragraph at lines 57--57
|\TU/FandolSong-Regular(0)/m/it/10 「也 就
 []


Underfull \hbox (badness 10000) in paragraph at lines 57--57
\TU/FandolSong-Regular(0)/m/it/10 是 一
 []


Underfull \hbox (badness 10000) in paragraph at lines 57--57
\TU/FandolSong-Regular(0)/m/it/10 个 粒
 []


Underfull \hbox (badness 10000) in paragraph at lines 57--57
\TU/FandolSong-Regular(0)/m/it/10 子 在
 []


Underfull \hbox (badness 10000) in paragraph at lines 57--57
\TU/FandolSong-Regular(0)/m/it/10 两 次
 []


Underfull \hbox (badness 10000) in paragraph at lines 57--57
\TU/FandolSong-Regular(0)/m/it/10 碰 撞
 []


Underfull \hbox (badness 10000) in paragraph at lines 57--57
\TU/FandolSong-Regular(0)/m/it/10 之 间
 []


Underfull \hbox (badness 10000) in paragraph at lines 57--57
\TU/FandolSong-Regular(0)/m/it/10 走 过
 []


Underfull \hbox (badness 10000) in paragraph at lines 57--57
\TU/FandolSong-Regular(0)/m/it/10 的 典
 []


Underfull \hbox (badness 10000) in paragraph at lines 57--57
\TU/FandolSong-Regular(0)/m/it/10 型 距
 []


Underfull \hbox (badness 10000) in paragraph at lines 57--57
[]|\TU/lmr/m/it/10 The
 []


Underfull \hbox (badness 10000) in paragraph at lines 57--57
\TU/lmr/m/it/10 sec-
 []


Underfull \hbox (badness 10000) in paragraph at lines 57--57
\TU/lmr/m/it/10 ond
 []


Underfull \hbox (badness 10000) in paragraph at lines 57--57
\TU/lmr/m/it/10 inte-
 []


Underfull \hbox (badness 10000) in paragraph at lines 57--57
\TU/lmr/m/it/10 grand
 []


Underfull \hbox (badness 10000) in paragraph at lines 57--57
\TU/lmr/m/it/10 can
 []


Underfull \hbox (badness 10000) in paragraph at lines 57--57
\TU/lmr/m/it/10 proxi-
 []


Underfull \hbox (badness 10000) in paragraph at lines 57--57
\TU/lmr/m/it/10 mated
 []


Underfull \hbox (badness 10000) in paragraph at lines 57--57
\TU/lmr/m/it/10 by
 []


Overfull \hbox (20.41827pt too wide) in paragraph at lines 57--57
\OML/cmm/m/it/10 ^^Lu[]\OT1/cmr/m/n/10 (\OML/cmm/m/it/10 r[]\OT1/cmr/m/n/10 /\O
ML/cmm/m/it/10 r\OT1/cmr/m/n/10 )[]$
 []


Underfull \hbox (badness 10000) in paragraph at lines 57--57
\TU/lmr/m/it/10 high-
 []


Overfull \hbox (24.09251pt too wide) in paragraph at lines 57--57
\TU/lmr/m/it/10 temperature
 []


Underfull \hbox (badness 10000) in paragraph at lines 57--57
\TU/lmr/m/it/10 limit,
 []


Overfull \hbox (2.14497pt too wide) in paragraph at lines 57--57
\OML/cmm/m/it/10 ^^Lu[] \OMS/cmsy/m/n/10 ^^]
 []


Underfull \hbox (badness 10000) in paragraph at lines 57--57
[]|\TU/FandolSong-Regular(0)/m/n/10 高
 []


Underfull \hbox (badness 10000) in paragraph at lines 57--57
\TU/FandolSong-Regular(0)/m/n/10 温 极
 []


Underfull \hbox (badness 10000) in paragraph at lines 57--57
\TU/FandolSong-Regular(0)/m/n/10 限 应
 []


Underfull \hbox (badness 10000) in paragraph at lines 57--57
\TU/FandolSong-Regular(0)/m/n/10 对 应
 []


Overfull \hbox (2.14497pt too wide) in paragraph at lines 57--57
\OML/cmm/m/it/10 ^^Lu[] \OMS/cmsy/m/n/10 ^^\
 []


Underfull \hbox (badness 10000) in paragraph at lines 57--57
\OT1/cmr/m/n/10 1$
 []


Underfull \hbox (badness 1092) in paragraph at lines 57--57
\OMS/cmsy/m/n/10 1$ \TU/FandolSong-Regular(0)/m/n/10 时
 []


Underfull \hbox (badness 2443) in paragraph at lines 57--57
\OML/cmm/m/it/10 ^^L \OMS/cmsy/m/n/10 !
 []


Underfull \hbox (badness 2158) in paragraph at lines 57--57
\OT1/cmr/m/n/10 0$\TU/FandolSong-Regular(0)/m/n/10 ） ；|
 []


Underfull \hbox (badness 10000) in paragraph at lines 57--57
\TU/FandolSong-Regular(0)/m/n/10 而 且
 []


Underfull \hbox (badness 10000) in paragraph at lines 57--57
\TU/FandolSong-Regular(0)/m/n/10 由 式
 []


Underfull \hbox (badness 10000) in paragraph at lines 57--57
\TU/lmr/m/n/10 (5.40)
 []


Underfull \hbox (badness 10000) in paragraph at lines 57--57
\TU/FandolSong-Regular(0)/m/n/10 得
 []


Underfull \hbox (badness 10000) in paragraph at lines 57--57
\TU/FandolSong-Regular(0)/m/n/10 到 的
 []


Overfull \hbox (8.78392pt too wide) in paragraph at lines 57--57
[]\OT1/cmr/m/n/10 (1 \OMS/cmsy/m/n/10 ^^@
 []


Underfull \hbox (badness 10000) in paragraph at lines 57--57
\OML/cmm/m/it/10 ^^Lu[]\OT1/cmr/m/n/10 )$
 []


Underfull \hbox (badness 10000) in paragraph at lines 57--57
\TU/FandolSong-Regular(0)/m/n/10 只
 []


Underfull \hbox (badness 10000) in paragraph at lines 57--57
\TU/FandolSong-Regular(0)/m/n/10 有 在
 []


Overfull \hbox (2.14497pt too wide) in paragraph at lines 57--57
\OML/cmm/m/it/10 ^^Lu[] \OMS/cmsy/m/n/10 ^^\
 []


Underfull \hbox (badness 10000) in paragraph at lines 57--57
\OT1/cmr/m/n/10 1$ \TU/FandolSong-Regular(0)/m/n/10 时
 []


Underfull \hbox (badness 10000) in paragraph at lines 57--57
\TU/FandolSong-Regular(0)/m/n/10 才 成
 []


Underfull \hbox (badness 10000) in paragraph at lines 57--57
\TU/FandolSong-Regular(0)/m/n/10 文 的
 []


Underfull \hbox (badness 10000) in paragraph at lines 57--57
|\TU/FandolSong-Regular(0)/m/n/10 「高
 []


Underfull \hbox (badness 10000) in paragraph at lines 57--57
\TU/FandolSong-Regular(0)/m/n/10 互 相
 []


Underfull \hbox (badness 10000) in paragraph at lines 57--57
\TU/FandolSong-Regular(0)/m/n/10 矛 盾，|
 []


Underfull \hbox (badness 10000) in paragraph at lines 57--57
\TU/FandolSong-Regular(0)/m/n/10 疑 为
 []


Underfull \hbox (badness 3690) in paragraph at lines 57--57
\OMS/cmsy/m/n/10 ^^\ \OT1/cmr/m/n/10 1$
 []


Underfull \hbox (badness 10000) in paragraph at lines 57--57
\TU/FandolSong-Regular(0)/m/n/10 之 误。|
 []


Underfull \hbox (badness 10000) in paragraph at lines 57--57
\TU/FandolSong-Regular(0)/m/n/10 讲 义
 []


Underfull \hbox (badness 10000) in paragraph at lines 57--57
\TU/FandolSong-Regular(0)/m/n/10 照 原
 []


Underfull \hbox (badness 10000) in paragraph at lines 57--57
\TU/FandolSong-Regular(0)/m/n/10 文 译
 []


Underfull \hbox (badness 10000) in paragraph at lines 57--57
\TU/FandolSong-Regular(0)/m/n/10 高 温
 []


Underfull \hbox (badness 10000) in paragraph at lines 57--57
\TU/FandolSong-Regular(0)/m/n/10 极 限
 []


Overfull \hbox (2.14497pt too wide) in paragraph at lines 57--57
\OML/cmm/m/it/10 ^^Lu[] \OMS/cmsy/m/n/10 ^^]
 []


Underfull \hbox (badness 10000) in paragraph at lines 57--57
[]|\TU/FandolSong-Regular(0)/m/it/10 原 式
 []


Underfull \hbox (badness 10000) in paragraph at lines 57--57
[]|\TU/FandolSong-Regular(0)/m/it/10 疑 点
 []

[1

]
Overfull \vbox (1290.96826pt too high) has occurred while \output is active []


[2]
Underfull \hbox (badness 10000) in paragraph at lines 76--77
[]|\TU/FandolSong-Regular(0)/m/n/10 按 原 书 出 现 次 序 调 整 了 两 张 图 的 先 后  |（原 文
 []


Underfull \hbox (badness 10000) in paragraph at lines 80--80
[]|\TU/FandolSong-Regular(0)/m/n/10 习 题  |（\TU/lmr/m/n/10 Problems for
 []


Underfull \hbox (badness 1308) in paragraph at lines 88--89
[]|\TU/FandolSong-Regular(0)/m/n/10 图 的 占 位 框 按 原 文 出 现 次 序 排 布，|  编 译 后 图 号
 []


Underfull \hbox (badness 10000) in paragraph at lines 92--92
[]|\TU/lmr/m/n/10 p.2\TU/FandolSong-Regular(0)/m/n/10 、| \TU/lmr/m/n/10 p.6\TU/
FandolSong-Regular(0)/m/n/10 、| \TU/lmr/m/n/10 p.9\TU/FandolSong-Regular(0)/m/n
/10 、| \TU/lmr/m/n/10 p.26\TU/FandolSong-Regular(0)/m/n/10 、|
 []


Underfull \hbox (badness 2245) in paragraph at lines 92--93
[]|\TU/FandolSong-Regular(0)/m/n/10 第 \TU/lmr/m/n/10 4 \TU/FandolSong-Regular(0
)/m/n/10 章 交 付 后 按 用 户 裁 决，|  回 第 \TU/lmr/m/n/10 1 \TU/FandolSong-Regular(0)/m/
n/10 章 首 次
 []


Underfull \hbox (badness 10000) in paragraph at lines 92--93
\TU/FandolSong-Regular(0)/m/n/10 出 现 处 为  |「热 力 学 第 零\TU/lmr/m/n/10 /\TU/Fandol
Song-Regular(0)/m/n/10 第 一\TU/lmr/m/n/10 /\TU/FandolSong-Regular(0)/m/n/10 第 二\
TU/lmr/m/n/10 /\TU/FandolSong-Regular(0)/m/n/10 第 三 定
 []


Underfull \hbox (badness 10000) in paragraph at lines 94--94
[]|\TU/lmr/m/n/10 p.100–101\TU/FandolSong-Regular(0)/m/n/10 、| \TU/lmr/m/n/10 p
.108\TU/FandolSong-Regular(0)/m/n/10 、|
 []


Underfull \hbox (badness 1308) in paragraph at lines 98--99
[]|\TU/FandolSong-Regular(0)/m/n/10 图 的 占 位 框 按 原 文 出 现 次 序 排 布，|  编 译 后 图 号
 []


Underfull \hbox (badness 10000) in paragraph at lines 102--102
[]|\TU/FandolSong-Regular(0)/m/n/10 临 界 等 容 线  |（\TU/lmr/m/n/10 critical
 []


Underfull \hbox (badness 3884) in paragraph at lines 106--106
[]|\TU/FandolSong-Regular(0)/m/n/10 小 节 标 题 的 斜 体 归 类
 []


Package fontspec Info: 
(fontspec)             Script 'CJK' not explicitly supported within font
(fontspec)             'FandolFang-Regular'. Check the typeset output, and if
(fontspec)             it is okay then ignore this warning. Otherwise a
(fontspec)             different font should be chosen.


Package fontspec Info: 
(fontspec)             Font family 'FandolFang-Regular(0)' created for font
(fontspec)             'FandolFang-Regular' with options
(fontspec)             [Script={CJK},Extension={.otf}].
(fontspec)              
(fontspec)              This font family consists of the following NFSS
(fontspec)             series/shapes:
(fontspec)              
(fontspec)             - 'normal' (m/n) with NFSS spec.:
(fontspec)             <->"[FandolFang-Regular.otf]/OT:script=hani;language=dfl
t;"


Underfull \hbox (badness 1308) in paragraph at lines 118--119
[]|\TU/FandolSong-Regular(0)/m/n/10 图 的 占 位 框 按 原 文 出 现 次 序 排 布，|  编 译 后 图 号
 []


Underfull \hbox (badness 10000) in paragraph at lines 122--123
[]|\TU/FandolSong-Regular(0)/m/n/10 附 录 \TU/lmr/m/n/10 B \TU/FandolSong-Regular
(0)/m/n/10 由 \TU/lmtt/m/n/10 _extract/make_appendixB.sh
 []


Underfull \hbox (badness 10000) in paragraph at lines 122--123
\TU/FandolSong-Regular(0)/m/n/10 从 \TU/lmtt/m/n/10 chapters/chap01.tex\TU/lmr/m
/n/10 –\TU/lmtt/m/n/10 chap07.tex \TU/FandolSong-Regular(0)/m/n/10 中 的
 []


Underfull \hbox (badness 1371) in paragraph at lines 124--125
\TU/FandolSong-Regular(0)/m/n/10 一 改 为 \TU/lmr/m/n/10 Times New Roman \TU/Fando
lSong-Regular(0)/m/n/10 正 体  |（字 体 族 在
 []


Underfull \hbox (badness 1975) in paragraph at lines 124--125
\TU/lmtt/m/n/10 preamble.tex \TU/FandolSong-Regular(0)/m/n/10 中 定 义 为 \TU/lmtt/
m/n/10 \glossaryfont\TU/FandolSong-Regular(0)/m/n/10 ） ，|
 []


Underfull \hbox (badness 10000) in paragraph at lines 124--125
\TU/FandolSong-Regular(0)/m/n/10 并 把 人 名  |（\TU/lmr/m/n/10 Boltzmann\TU/FandolS
ong-Regular(0)/m/n/10 、| \TU/lmr/m/n/10 Gibbs\TU/FandolSong-Regular(0)/m/n/10 、
| \TU/lmr/m/n/10 Stirling\TU/FandolSong-Regular(0)/m/n/10 、|
 []


Underfull \hbox (badness 10000) in paragraph at lines 124--125
\TU/lmr/m/n/10 Levy\TU/FandolSong-Regular(0)/m/n/10 、| \TU/lmr/m/n/10 Wick \TU/
FandolSong-Regular(0)/m/n/10 等）|  与 专 有 名 词 缩 写  |（\TU/lmr/m/n/10 PDF\TU/Fandol
Song-Regular(0)/m/n/10 ）|
 []


Underfull \hbox (badness 10000) in paragraph at lines 124--125
\TU/FandolSong-Regular(0)/m/n/10 之 外 词 条 的 首 字 母 改 为 小 写；|  该 规 则 写 在
 []


ignored: Infinite glue shrinkage found in box being split [3]
ignored: Infinite glue shrinkage fou
nd in box being split [4]
ignored: Infinite glue shrinkage found in box being split [5] [
6] (./errata.aux)
 ***********
LaTeX2e <2025-11-01>
L3 programming layer <2022/07/14>
 ***********
Package rerunfilecheck Info: File `errata.out' has not changed.
(rerunfilecheck)             Checksum: D41D8CD98F00B204E9800998ECF8427E;0.
 ) 
Here is how much of TeX's memory you used:
 16688 strings out of 468168
 379754 string characters out of 5432815
 837375 words of memory out of 5000000
 45168 multiletter control sequences out of 15000+600000
 641876 words of font info for 123 fonts, out of 8000000 for 9000
 1348 hyphenation exceptions out of 8191
 93i,10n,112p,436b,483s stack positions out of 10000i,1000n,20000p,200000b,200000s

Output written on errata.pdf (6 pages).
