\BOOKMARK [0][-]{section*.2}{\376\377\144\130\211\201\377\010\000A\000b\000s\000t\000r\000a\000c\000t\377\011}{}% 1
\BOOKMARK [0][-]{chapter.1}{\376\377\173\054\0001\172\340\000\040\000\040\160\355\122\233\133\146\377\010\000T\000h\000e\000r\000m\000o\000d\000y\000n\000a\000m\000i\000c\000s\377\011}{}% 2
\BOOKMARK [1][-]{section.1.1}{\376\377\0001\000.\0001\000\040\137\025\212\000\377\010\000I\000n\000t\000r\000o\000d\000u\000c\000t\000i\000o\000n\377\011}{chapter.1}% 3
\BOOKMARK [1][-]{section.1.2}{\376\377\0001\000.\0002\000\040\173\054\226\366\133\232\137\213\377\010\000T\000h\000e\000\040\000z\000e\000r\000o\000t\000h\000\040\000l\000a\000w\377\011}{chapter.1}% 4
\BOOKMARK [1][-]{section.1.3}{\376\377\0001\000.\0003\000\040\173\054\116\000\133\232\137\213\377\010\000T\000h\000e\000\040\000f\000i\000r\000s\000t\000\040\000l\000a\000w\377\011}{chapter.1}% 5
\BOOKMARK [1][-]{section.1.4}{\376\377\0001\000.\0004\000\040\173\054\116\214\133\232\137\213\377\010\000T\000h\000e\000\040\000s\000e\000c\000o\000n\000d\000\040\000l\000a\000w\377\011}{chapter.1}% 6
\BOOKMARK [1][-]{section.1.5}{\376\377\0001\000.\0005\000\040\000C\000a\000r\000n\000o\000t\000\040\160\355\147\072\377\010\000C\000a\000r\000n\000o\000t\000\040\000e\000n\000g\000i\000n\000e\000s\377\011}{chapter.1}% 7
\BOOKMARK [1][-]{section.1.6}{\376\377\0001\000.\0006\000\040\161\265\377\010\000E\000n\000t\000r\000o\000p\000y\377\011}{chapter.1}% 8
\BOOKMARK [1][-]{section.1.7}{\376\377\0001\000.\0007\000\040\215\213\116\216\136\163\210\141\116\016\160\355\122\233\133\146\122\277\377\010\000A\000p\000p\000r\000o\000a\000c\000h\000\040\000t\000o\000\040\000e\000q\000u\000i\000l\000i\000b\000r\000i\000u\000m\000\040\000a\000n\000d\000\040\000t\000h\000e\000r\000m\000o\000d\000y\000n\000a\000m\000i\000c\000\040\000p\000o\000t\000e\000n\000t\000i\000a\000l\000s\377\011}{chapter.1}% 9
\BOOKMARK [1][-]{section.1.8}{\376\377\0001\000.\0008\000\040\147\011\165\050\166\204\145\160\133\146\176\323\147\234\377\010\000U\000s\000e\000f\000u\000l\000\040\000m\000a\000t\000h\000e\000m\000a\000t\000i\000c\000a\000l\000\040\000r\000e\000s\000u\000l\000t\000s\377\011}{chapter.1}% 10
\BOOKMARK [1][-]{section.1.9}{\376\377\0001\000.\0009\000\040\172\063\133\232\140\047\147\141\116\366\377\010\000S\000t\000a\000b\000i\000l\000i\000t\000y\000\040\000c\000o\000n\000d\000i\000t\000i\000o\000n\000s\377\011}{chapter.1}% 11
\BOOKMARK [1][-]{section.1.10}{\376\377\0001\000.\0001\0000\000\040\173\054\116\011\133\232\137\213\377\010\000T\000h\000e\000\040\000t\000h\000i\000r\000d\000\040\000l\000a\000w\377\011}{chapter.1}% 12
\BOOKMARK [0][-]{chapter.2}{\376\377\173\054\0002\172\340\000\040\000\040\151\202\163\207\213\272\377\010\000P\000r\000o\000b\000a\000b\000i\000l\000i\000t\000y\377\011}{}% 13
\BOOKMARK [1][-]{section.2.1}{\376\377\0002\000.\0001\000\040\116\000\202\054\133\232\116\111\377\010\000G\000e\000n\000e\000r\000a\000l\000\040\000d\000e\000f\000i\000n\000i\000t\000i\000o\000n\000s\377\011}{chapter.2}% 14
\BOOKMARK [1][-]{section.2.2}{\376\377\0002\000.\0002\000\040\116\000\116\052\226\217\147\072\123\330\221\317\377\010\000O\000n\000e\000\040\000r\000a\000n\000d\000o\000m\000\040\000v\000a\000r\000i\000a\000b\000l\000e\377\011}{chapter.2}% 15
\BOOKMARK [1][-]{section.2.3}{\376\377\0002\000.\0003\000\040\202\345\136\162\221\315\211\201\166\204\151\202\163\207\122\006\136\003\377\010\000S\000o\000m\000e\000\040\000i\000m\000p\000o\000r\000t\000a\000n\000t\000\040\000p\000r\000o\000b\000a\000b\000i\000l\000i\000t\000y\000\040\000d\000i\000s\000t\000r\000i\000b\000u\000t\000i\000o\000n\000s\377\011}{chapter.2}% 16
\BOOKMARK [1][-]{section.2.4}{\376\377\0002\000.\0004\000\040\131\032\116\052\226\217\147\072\123\330\221\317\377\010\000M\000a\000n\000y\000\040\000r\000a\000n\000d\000o\000m\000\040\000v\000a\000r\000i\000a\000b\000l\000e\000s\377\011}{chapter.2}% 17
\BOOKMARK [1][-]{section.2.5}{\376\377\0002\000.\0005\000\040\226\217\147\072\123\330\221\317\116\113\124\214\116\016\116\055\137\303\147\201\226\120\133\232\164\006\377\010\000S\000u\000m\000s\000\040\000o\000f\000\040\000r\000a\000n\000d\000o\000m\000\040\000v\000a\000r\000i\000a\000b\000l\000e\000s\000\040\000a\000n\000d\000\040\000t\000h\000e\000\040\000c\000e\000n\000t\000r\000a\000l\000\040\000l\000i\000m\000i\000t\000\040\000t\000h\000e\000o\000r\000e\000m\377\011}{chapter.2}% 18
\BOOKMARK [1][-]{section.2.6}{\376\377\0002\000.\0006\000\040\131\047\145\160\154\325\122\031\377\010\000R\000u\000l\000e\000s\000\040\000f\000o\000r\000\040\000l\000a\000r\000g\000e\000\040\000n\000u\000m\000b\000e\000r\000s\377\011}{chapter.2}% 19
\BOOKMARK [1][-]{section.2.7}{\376\377\0002\000.\0007\000\040\117\341\140\157\060\001\161\265\116\016\117\060\213\241\377\010\000I\000n\000f\000o\000r\000m\000a\000t\000i\000o\000n\000,\000\040\000e\000n\000t\000r\000o\000p\000y\000,\000\040\000a\000n\000d\000\040\000e\000s\000t\000i\000m\000a\000t\000i\000o\000n\377\011}{chapter.2}% 20
\BOOKMARK [0][-]{chapter.3}{\376\377\173\054\0003\172\340\000\040\000\040\154\024\117\123\122\250\164\006\213\272\377\010\000K\000i\000n\000e\000t\000i\000c\000\040\000T\000h\000e\000o\000r\000y\000\040\000o\000f\000\040\000G\000a\000s\000e\000s\377\011}{}% 21
\BOOKMARK [1][-]{section.3.1}{\376\377\0003\000.\0001\000\040\116\000\202\054\133\232\116\111\377\010\000G\000e\000n\000e\000r\000a\000l\000\040\000d\000e\000f\000i\000n\000i\000t\000i\000o\000n\000s\377\011}{chapter.3}% 22
\BOOKMARK [1][-]{section.3.2}{\376\377\0003\000.\0002\000\040\000L\000i\000o\000u\000v\000i\000l\000l\000e\000\040\133\232\164\006\377\010\000L\000i\000o\000u\000v\000i\000l\000l\000e\000'\000s\000\040\000t\000h\000e\000o\000r\000e\000m\377\011}{chapter.3}% 23
\BOOKMARK [1][-]{section.3.3}{\376\377\0003\000.\0003\000\040\000B\000o\000g\000o\000l\000i\000u\000b\000o\000v\040\023\000B\000o\000r\000n\040\023\000G\000r\000e\000e\000n\040\023\000K\000i\000r\000k\000w\000o\000o\000d\040\023\000Y\000v\000o\000n\000\040\134\102\176\247\377\010\000T\000h\000e\000\040\000B\000o\000g\000o\000l\000i\000u\000b\000o\000v\040\023\000B\000o\000r\000n\040\023\000G\000r\000e\000e\000n\040\023\000K\000i\000r\000k\000w\000o\000o\000d\040\023\000Y\000v\000o\000n\000\040\000h\000i\000e\000r\000a\000r\000c\000h\000y\377\011}{chapter.3}% 24
\BOOKMARK [1][-]{section.3.4}{\376\377\0003\000.\0004\000\040\000B\000o\000l\000t\000z\000m\000a\000n\000n\000\040\145\271\172\013\377\010\000T\000h\000e\000\040\000B\000o\000l\000t\000z\000m\000a\000n\000n\000\040\000e\000q\000u\000a\000t\000i\000o\000n\377\011}{chapter.3}% 25
\BOOKMARK [1][-]{section.3.5}{\376\377\0003\000.\0005\000\040\000H\000\040\133\232\164\006\116\016\116\015\123\357\220\006\140\047\377\010\000T\000h\000e\000\040\000H\000-\000t\000h\000e\000o\000r\000e\000m\000\040\000a\000n\000d\000\040\000i\000r\000r\000e\000v\000e\000r\000s\000i\000b\000i\000l\000i\000t\000y\377\011}{chapter.3}% 26
\BOOKMARK [1][-]{section.3.6}{\376\377\0003\000.\0006\000\040\136\163\210\141\140\047\215\050\377\010\000E\000q\000u\000i\000l\000i\000b\000r\000i\000u\000m\000\040\000p\000r\000o\000p\000e\000r\000t\000i\000e\000s\377\011}{chapter.3}% 27
\BOOKMARK [1][-]{section.3.7}{\376\377\0003\000.\0007\000\040\133\210\140\122\137\213\377\010\000C\000o\000n\000s\000e\000r\000v\000a\000t\000i\000o\000n\000\040\000l\000a\000w\000s\377\011}{chapter.3}% 28
\BOOKMARK [1][-]{section.3.8}{\376\377\0003\000.\0008\000\040\226\366\226\066\155\101\117\123\122\233\133\146\377\010\000Z\000e\000r\000o\000t\000h\000-\000o\000r\000d\000e\000r\000\040\000h\000y\000d\000r\000o\000d\000y\000n\000a\000m\000i\000c\000s\377\011}{chapter.3}% 29
\BOOKMARK [1][-]{section.3.9}{\376\377\0003\000.\0009\000\040\116\000\226\066\155\101\117\123\122\233\133\146\377\010\000F\000i\000r\000s\000t\000-\000o\000r\000d\000e\000r\000\040\000h\000y\000d\000r\000o\000d\000y\000n\000a\000m\000i\000c\000s\377\011}{chapter.3}% 30
\BOOKMARK [0][-]{chapter.4}{\376\377\173\054\0004\172\340\000\040\000\040\176\317\121\170\176\337\213\241\122\233\133\146\377\010\000C\000l\000a\000s\000s\000i\000c\000a\000l\000\040\000S\000t\000a\000t\000i\000s\000t\000i\000c\000a\000l\000\040\000M\000e\000c\000h\000a\000n\000i\000c\000s\377\011}{}% 31
\BOOKMARK [1][-]{section.4.1}{\376\377\0004\000.\0001\000\040\116\000\202\054\133\232\116\111\377\010\000G\000e\000n\000e\000r\000a\000l\000\040\000d\000e\000f\000i\000n\000i\000t\000i\000o\000n\000s\377\011}{chapter.4}% 32
\BOOKMARK [1][-]{section.4.2}{\376\377\0004\000.\0002\000\040\137\256\153\143\122\031\174\373\176\374\377\010\000T\000h\000e\000\040\000m\000i\000c\000r\000o\000c\000a\000n\000o\000n\000i\000c\000a\000l\000\040\000e\000n\000s\000e\000m\000b\000l\000e\377\011}{chapter.4}% 33
\BOOKMARK [1][-]{section.4.3}{\376\377\0004\000.\0003\000\040\116\214\200\375\176\247\174\373\176\337\377\010\000T\000w\000o\000-\000l\000e\000v\000e\000l\000\040\000s\000y\000s\000t\000e\000m\000s\377\011}{chapter.4}% 34
\BOOKMARK [1][-]{section.4.4}{\376\377\0004\000.\0004\000\040\164\006\140\363\154\024\117\123\377\010\000T\000h\000e\000\040\000i\000d\000e\000a\000l\000\040\000g\000a\000s\377\011}{chapter.4}% 35
\BOOKMARK [1][-]{section.4.5}{\376\377\0004\000.\0005\000\040\155\367\124\010\161\265\116\016\000\040\000G\000i\000b\000b\000s\000\040\117\157\214\054\377\010\000M\000i\000x\000i\000n\000g\000\040\000e\000n\000t\000r\000o\000p\000y\000\040\000a\000n\000d\000\040\000t\000h\000e\000\040\000G\000i\000b\000b\000s\000\040\000p\000a\000r\000a\000d\000o\000x\377\011}{chapter.4}% 36
\BOOKMARK [1][-]{section.4.6}{\376\377\0004\000.\0006\000\040\153\143\122\031\174\373\176\374\377\010\000T\000h\000e\000\040\000c\000a\000n\000o\000n\000i\000c\000a\000l\000\040\000e\000n\000s\000e\000m\000b\000l\000e\377\011}{chapter.4}% 37
\BOOKMARK [1][-]{section.4.7}{\376\377\0004\000.\0007\000\040\153\143\122\031\171\072\117\213\377\010\000C\000a\000n\000o\000n\000i\000c\000a\000l\000\040\000e\000x\000a\000m\000p\000l\000e\000s\377\011}{chapter.4}% 38
\BOOKMARK [1][-]{section.4.8}{\376\377\0004\000.\0008\000\040\000G\000i\000b\000b\000s\000\040\153\143\122\031\174\373\176\374\377\010\000T\000h\000e\000\040\000G\000i\000b\000b\000s\000\040\000c\000a\000n\000o\000n\000i\000c\000a\000l\000\040\000e\000n\000s\000e\000m\000b\000l\000e\377\011}{chapter.4}% 39
\BOOKMARK [1][-]{section.4.9}{\376\377\0004\000.\0009\000\040\135\350\153\143\122\031\174\373\176\374\377\010\000T\000h\000e\000\040\000g\000r\000a\000n\000d\000\040\000c\000a\000n\000o\000n\000i\000c\000a\000l\000\040\000e\000n\000s\000e\000m\000b\000l\000e\377\011}{chapter.4}% 40
\BOOKMARK [0][-]{chapter.5}{\376\377\173\054\0005\172\340\000\040\000\040\166\370\116\222\117\134\165\050\174\222\133\120\377\010\000I\000n\000t\000e\000r\000a\000c\000t\000i\000n\000g\000\040\000P\000a\000r\000t\000i\000c\000l\000e\000s\377\011}{}% 41
\BOOKMARK [1][-]{section.5.1}{\376\377\0005\000.\0001\000\040\175\057\171\357\221\317\134\125\137\000\377\010\000T\000h\000e\000\040\000c\000u\000m\000u\000l\000a\000n\000t\000\040\000e\000x\000p\000a\000n\000s\000i\000o\000n\377\011}{chapter.5}% 42
\BOOKMARK [1][-]{section.5.2}{\376\377\0005\000.\0002\000\040\226\306\126\342\134\125\137\000\377\010\000T\000h\000e\000\040\000c\000l\000u\000s\000t\000e\000r\000\040\000e\000x\000p\000a\000n\000s\000i\000o\000n\377\011}{chapter.5}% 43
\BOOKMARK [1][-]{section.5.3}{\376\377\0005\000.\0003\000\040\173\054\116\214\176\364\221\314\174\373\145\160\116\016\000\040\000v\000a\000n\000\040\000d\000e\000r\000\040\000W\000a\000a\000l\000s\000\040\145\271\172\013\377\010\000T\000h\000e\000\040\000s\000e\000c\000o\000n\000d\000\040\000v\000i\000r\000i\000a\000l\000\040\000c\000o\000e\000f\000f\000i\000c\000i\000e\000n\000t\000\040\000a\000n\000d\000\040\000v\000a\000n\000\040\000d\000e\000r\000\040\000W\000a\000a\000l\000s\000\040\000e\000q\000u\000a\000t\000i\000o\000n\377\011}{chapter.5}% 44
\BOOKMARK [1][-]{section.5.4}{\376\377\0005\000.\0004\000\040\203\003\137\267\164\346\200\063\145\257\145\271\172\013\166\204\131\061\145\110\377\010\000B\000r\000e\000a\000k\000d\000o\000w\000n\000\040\000o\000f\000\040\000t\000h\000e\000\040\000v\000a\000n\000\040\000d\000e\000r\000\040\000W\000a\000a\000l\000s\000\040\000e\000q\000u\000a\000t\000i\000o\000n\377\011}{chapter.5}% 45
\BOOKMARK [1][-]{section.5.5}{\376\377\0005\000.\0005\000\040\121\335\200\132\166\204\136\163\127\107\127\072\164\006\213\272\377\010\000M\000e\000a\000n\000-\000f\000i\000e\000l\000d\000\040\000t\000h\000e\000o\000r\000y\000\040\000o\000f\000\040\000c\000o\000n\000d\000e\000n\000s\000a\000t\000i\000o\000n\377\011}{chapter.5}% 46
\BOOKMARK [1][-]{section.5.6}{\376\377\0005\000.\0006\000\040\123\330\122\006\145\271\154\325\377\010\000V\000a\000r\000i\000a\000t\000i\000o\000n\000a\000l\000\040\000m\000e\000t\000h\000o\000d\000s\377\011}{chapter.5}% 47
\BOOKMARK [1][-]{section.5.7}{\376\377\0005\000.\0007\000\040\133\371\136\224\140\001\377\010\000C\000o\000r\000r\000e\000s\000p\000o\000n\000d\000i\000n\000g\000\040\000s\000t\000a\000t\000e\000s\377\011}{chapter.5}% 48
\BOOKMARK [1][-]{section.5.8}{\376\377\0005\000.\0008\000\040\116\064\165\114\160\271\210\114\116\072\377\010\000C\000r\000i\000t\000i\000c\000a\000l\000\040\000p\000o\000i\000n\000t\000\040\000b\000e\000h\000a\000v\000i\000o\000r\377\011}{chapter.5}% 49
\BOOKMARK [0][-]{chapter.6}{\376\377\173\054\0006\172\340\000\040\000\040\221\317\133\120\176\337\213\241\122\233\133\146\377\010\000Q\000u\000a\000n\000t\000u\000m\000\040\000S\000t\000a\000t\000i\000s\000t\000i\000c\000a\000l\000\040\000M\000e\000c\000h\000a\000n\000i\000c\000s\377\011}{}% 50
\BOOKMARK [1][-]{section.6.1}{\376\377\0006\000.\0001\000\040\172\000\205\204\131\032\123\237\133\120\154\024\117\123\377\010\000D\000i\000l\000u\000t\000e\000\040\000p\000o\000l\000y\000a\000t\000o\000m\000i\000c\000\040\000g\000a\000s\000e\000s\377\011}{chapter.6}% 51
\BOOKMARK [1][-]{section.6.2}{\376\377\0006\000.\0002\000\040\126\372\117\123\166\204\143\057\122\250\377\010\000V\000i\000b\000r\000a\000t\000i\000o\000n\000s\000\040\000o\000f\000\040\000a\000\040\000s\000o\000l\000i\000d\377\011}{chapter.6}% 52
\BOOKMARK [1][-]{section.6.3}{\376\377\0006\000.\0003\000\040\236\321\117\123\217\220\134\004\377\010\000B\000l\000a\000c\000k\000-\000b\000o\000d\000y\000\040\000r\000a\000d\000i\000a\000t\000i\000o\000n\377\011}{chapter.6}% 53
\BOOKMARK [1][-]{section.6.4}{\376\377\0006\000.\0004\000\040\221\317\133\120\137\256\211\302\140\001\377\010\000Q\000u\000a\000n\000t\000u\000m\000\040\000m\000i\000c\000r\000o\000s\000t\000a\000t\000e\000s\377\011}{chapter.6}% 54
\BOOKMARK [1][-]{section.6.5}{\376\377\0006\000.\0005\000\040\221\317\133\120\133\217\211\302\140\001\377\010\000Q\000u\000a\000n\000t\000u\000m\000\040\000m\000a\000c\000r\000o\000s\000t\000a\000t\000e\000s\377\011}{chapter.6}% 55
\BOOKMARK [0][-]{chapter.7}{\376\377\173\054\0007\172\340\000\040\000\040\164\006\140\363\221\317\133\120\154\024\117\123\377\010\000I\000d\000e\000a\000l\000\040\000Q\000u\000a\000n\000t\000u\000m\000\040\000G\000a\000s\000e\000s\377\011}{}% 56
\BOOKMARK [1][-]{section.7.1}{\376\377\0007\000.\0001\000\040\121\150\124\014\174\222\133\120\166\204\000\040\000H\000i\000l\000b\000e\000r\000t\000\040\172\172\225\364\377\010\000H\000i\000l\000b\000e\000r\000t\000\040\000s\000p\000a\000c\000e\000\040\000o\000f\000\040\000i\000d\000e\000n\000t\000i\000c\000a\000l\000\040\000p\000a\000r\000t\000i\000c\000l\000e\000s\377\011}{chapter.7}% 57
\BOOKMARK [1][-]{section.7.2}{\376\377\0007\000.\0002\000\040\153\143\122\031\210\150\217\360\377\010\000C\000a\000n\000o\000n\000i\000c\000a\000l\000\040\000f\000o\000r\000m\000u\000l\000a\000t\000i\000o\000n\377\011}{chapter.7}% 58
\BOOKMARK [1][-]{section.7.3}{\376\377\0007\000.\0003\000\040\135\350\153\143\122\031\210\150\217\360\377\010\000G\000r\000a\000n\000d\000\040\000c\000a\000n\000o\000n\000i\000c\000a\000l\000\040\000f\000o\000r\000m\000u\000l\000a\000t\000i\000o\000n\377\011}{chapter.7}% 59
\BOOKMARK [1][-]{section.7.4}{\376\377\0007\000.\0004\000\040\227\136\166\370\133\371\213\272\154\024\117\123\377\010\000N\000o\000n\000-\000r\000e\000l\000a\000t\000i\000v\000i\000s\000t\000i\000c\000\040\000g\000a\000s\377\011}{chapter.7}% 60
\BOOKMARK [1][-]{section.7.5}{\376\377\0007\000.\0005\000\040\173\200\136\166\215\071\174\163\154\024\117\123\377\010\000T\000h\000e\000\040\000d\000e\000g\000e\000n\000e\000r\000a\000t\000e\000\040\000f\000e\000r\000m\000i\000\040\000g\000a\000s\377\011}{chapter.7}% 61
\BOOKMARK [1][-]{section.7.6}{\376\377\0007\000.\0006\000\040\173\200\136\166\163\273\202\162\154\024\117\123\377\010\000T\000h\000e\000\040\000d\000e\000g\000e\000n\000e\000r\000a\000t\000e\000\040\000b\000o\000s\000e\000\040\000g\000a\000s\377\011}{chapter.7}% 62
\BOOKMARK [1][-]{section.7.7}{\376\377\0007\000.\0007\000\040\215\205\155\101\000\040\000H\000e\0004\377\010\000S\000u\000p\000e\000r\000f\000l\000u\000i\000d\000\040\000H\000e\0004\377\011}{chapter.7}% 63
\BOOKMARK [0][-]{appendix.A}{\376\377\226\104\137\125\000\040\000A\000\040\000\040\162\151\164\006\221\317\173\046\123\367\123\312\124\053\116\111\377\010\000L\000i\000s\000t\000\040\000o\000f\000\040\000S\000y\000m\000b\000o\000l\000s\377\011}{}% 64
\BOOKMARK [0][-]{appendix.B}{\376\377\226\104\137\125\000\040\000B\000\040\000\040\147\057\213\355\116\055\202\361\145\207\133\371\161\147\210\150\377\010\000G\000l\000o\000s\000s\000a\000r\000y\377\011}{}% 65
